{"level":"info","message":"Signed in successfully.","plugin":"proxy","timestamp":"2025-09-07T01:56:40.111Z"}
{"level":"info","message":"发现54个通知来源。","plugin":"cli","timestamp":"2025-09-07T01:56:48.468Z"}
{"hook":"fetch_each.before","level":"debug","message":"开始获取“睿信”。","plugin":"cli","timestamp":"2025-09-07T01:56:48.469Z"}
{"hook":"fetch_each.before","level":"debug","message":"开始获取“求是”。","plugin":"cli","timestamp":"2025-09-07T01:56:48.469Z"}
{"hook":"fetch_each.before","level":"debug","message":"开始获取“精工”。","plugin":"cli","timestamp":"2025-09-07T01:56:48.469Z"}
{"hook":"fetch_each.before","level":"debug","message":"开始获取“明德”。","plugin":"cli","timestamp":"2025-09-07T01:56:48.469Z"}
{"hook":"fetch_each.before","level":"debug","message":"开始获取“经管”。","plugin":"cli","timestamp":"2025-09-07T01:56:48.469Z"}
{"hook":"fetch_each.before","level":"debug","message":"开始获取“知艺”。","plugin":"cli","timestamp":"2025-09-07T01:56:48.469Z"}
{"hook":"fetch_each.before","level":"debug","message":"开始获取“特立”。","plugin":"cli","timestamp":"2025-09-07T01:56:48.469Z"}
{"hook":"fetch_each.before","level":"debug","message":"开始获取“北京书院”。","plugin":"cli","timestamp":"2025-09-07T01:56:48.469Z"}
{"hook":"fetch_each.before","level":"debug","message":"开始获取“留学生”。","plugin":"cli","timestamp":"2025-09-07T01:56:48.469Z"}
{"hook":"fetch_each.before","level":"debug","message":"开始获取“马克思”。","plugin":"cli","timestamp":"2025-09-07T01:56:48.470Z"}
{"hook":"fetch_each.before","level":"debug","message":"开始获取“研究生”。","plugin":"cli","timestamp":"2025-09-07T01:56:48.470Z"}
{"hook":"fetch_each.before","level":"debug","message":"开始获取“通用”。","plugin":"cli","timestamp":"2025-09-07T01:56:48.470Z"}
{"hook":"fetch_each.before","level":"debug","message":"开始获取“教务部”。","plugin":"cli","timestamp":"2025-09-07T01:56:48.470Z"}
{"hook":"fetch_each.before","level":"debug","message":"开始获取“教学中心”。","plugin":"cli","timestamp":"2025-09-07T01:56:48.470Z"}
{"hook":"fetch_each.before","level":"debug","message":"开始获取“学工部等”。","plugin":"cli","timestamp":"2025-09-07T01:56:48.470Z"}
{"hook":"fetch_each.before","level":"debug","message":"开始获取“计算机”。","plugin":"cli","timestamp":"2025-09-07T01:56:48.470Z"}
{"hook":"fetch_each.before","level":"debug","message":"开始获取“学生事务”。","plugin":"cli","timestamp":"2025-09-07T01:56:48.470Z"}
{"hook":"fetch_each.before","level":"debug","message":"开始获取“创新创业”。","plugin":"cli","timestamp":"2025-09-07T01:56:48.470Z"}
{"hook":"fetch_each.before","level":"debug","message":"开始获取“资助公示”。","plugin":"cli","timestamp":"2025-09-07T01:56:48.470Z"}
{"hook":"fetch_each.before","level":"debug","message":"开始获取“大创”。","plugin":"cli","timestamp":"2025-09-07T01:56:48.470Z"}
{"hook":"fetch_each.before","level":"debug","message":"开始获取“光电”。","plugin":"cli","timestamp":"2025-09-07T01:56:48.470Z"}
{"hook":"fetch_each.before","level":"debug","message":"开始获取“网信”。","plugin":"cli","timestamp":"2025-09-07T01:56:48.470Z"}
{"hook":"fetch_each.before","level":"debug","message":"开始获取“人事”。","plugin":"cli","timestamp":"2025-09-07T01:56:48.470Z"}
{"hook":"fetch_each.before","level":"debug","message":"开始获取“公开数据”。","plugin":"cli","timestamp":"2025-09-07T01:56:48.470Z"}
{"hook":"fetch_each.before","level":"debug","message":"开始获取“公开通知”。","plugin":"cli","timestamp":"2025-09-07T01:56:48.470Z"}
{"hook":"fetch_each.before","level":"debug","message":"开始获取“校医院”。","plugin":"cli","timestamp":"2025-09-07T01:56:48.470Z"}
{"hook":"fetch_each.before","level":"debug","message":"开始获取“国际交流”。","plugin":"cli","timestamp":"2025-09-07T01:56:48.470Z"}
{"hook":"fetch_each.before","level":"debug","message":"开始获取“新生”。","plugin":"cli","timestamp":"2025-09-07T01:56:48.470Z"}
{"hook":"fetch_each.before","level":"debug","message":"开始获取“信电”。","plugin":"cli","timestamp":"2025-09-07T01:56:48.470Z"}
{"hook":"fetch_each.before","level":"debug","message":"开始获取“网安”。","plugin":"cli","timestamp":"2025-09-07T01:56:48.470Z"}
{"hook":"fetch_each.before","level":"debug","message":"开始获取“集电”。","plugin":"cli","timestamp":"2025-09-07T01:56:48.470Z"}
{"hook":"fetch_each.before","level":"debug","message":"开始获取“机车”。","plugin":"cli","timestamp":"2025-09-07T01:56:48.470Z"}
{"hook":"fetch_each.before","level":"debug","message":"开始获取“数学”。","plugin":"cli","timestamp":"2025-09-07T01:56:48.470Z"}
{"hook":"fetch_each.before","level":"debug","message":"开始获取“物理”。","plugin":"cli","timestamp":"2025-09-07T01:56:48.470Z"}
{"hook":"fetch_each.before","level":"debug","message":"开始获取“机电”。","plugin":"cli","timestamp":"2025-09-07T01:56:48.470Z"}
{"hook":"fetch_each.before","level":"debug","message":"开始获取“生命”。","plugin":"cli","timestamp":"2025-09-07T01:56:48.470Z"}
{"hook":"fetch_each.before","level":"debug","message":"开始获取“宇航”。","plugin":"cli","timestamp":"2025-09-07T01:56:48.470Z"}
{"hook":"fetch_each.before","level":"debug","message":"开始获取“医学”。","plugin":"cli","timestamp":"2025-09-07T01:56:48.470Z"}
{"hook":"fetch_each.before","level":"debug","message":"开始获取“自动化”。","plugin":"cli","timestamp":"2025-09-07T01:56:48.470Z"}
{"hook":"fetch_each.before","level":"debug","message":"开始获取“人文”。","plugin":"cli","timestamp":"2025-09-07T01:56:48.470Z"}
{"hook":"fetch_each.before","level":"debug","message":"开始获取“人文素质”。","plugin":"cli","timestamp":"2025-09-07T01:56:48.470Z"}
{"hook":"fetch_each.before","level":"debug","message":"开始获取“课程”。","plugin":"cli","timestamp":"2025-09-07T01:56:48.470Z"}
{"hook":"fetch_each.before","level":"debug","message":"开始获取“国际组织”。","plugin":"cli","timestamp":"2025-09-07T01:56:48.470Z"}
{"hook":"fetch_each.before","level":"debug","message":"开始获取“法学”。","plugin":"cli","timestamp":"2025-09-07T01:56:48.470Z"}
{"hook":"fetch_each.before","level":"debug","message":"开始获取“材料”。","plugin":"cli","timestamp":"2025-09-07T01:56:48.470Z"}
{"hook":"fetch_each.before","level":"debug","message":"开始获取“外国语”。","plugin":"cli","timestamp":"2025-09-07T01:56:48.470Z"}
{"hook":"fetch_each.before","level":"debug","message":"开始获取“化学”。","plugin":"cli","timestamp":"2025-09-07T01:56:48.470Z"}
{"hook":"fetch_each.before","level":"debug","message":"开始获取“招采”。","plugin":"cli","timestamp":"2025-09-07T01:56:48.470Z"}
{"hook":"fetch_each.before","level":"debug","message":"开始获取“资实”。","plugin":"cli","timestamp":"2025-09-07T01:56:48.471Z"}
{"hook":"fetch_each.before","level":"debug","message":"开始获取“党政部”。","plugin":"cli","timestamp":"2025-09-07T01:56:48.471Z"}
{"hook":"fetch_each.before","level":"debug","message":"开始获取“数学实验”。","plugin":"cli","timestamp":"2025-09-07T01:56:48.471Z"}
{"hook":"fetch_each.before","level":"debug","message":"开始获取“图书馆”。","plugin":"cli","timestamp":"2025-09-07T01:56:48.471Z"}
{"hook":"fetch_each.before","level":"debug","message":"开始获取“图书馆讲座”。","plugin":"cli","timestamp":"2025-09-07T01:56:48.471Z"}
{"hook":"fetch_each.before","level":"debug","message":"开始获取“延河”。","plugin":"cli","timestamp":"2025-09-07T01:56:48.471Z"}
{"level":"http","message":"Request https://century.bit.edu.cn/tz/index.htm with proxy.","plugin":"proxy","timestamp":"2025-09-07T01:56:48.474Z"}
{"level":"http","message":"Request https://student.bit.edu.cn/tzgg/index.htm with proxy.","plugin":"proxy","timestamp":"2025-09-07T01:56:48.474Z"}
{"level":"http","message":"Request https://student.bit.edu.cn/xngs/index.blk.htm with proxy.","plugin":"proxy","timestamp":"2025-09-07T01:56:48.475Z"}
{"level":"http","message":"Request http://cxcy.bit.edu.cn/pt/pt/Notice with proxy.","plugin":"proxy","timestamp":"2025-09-07T01:56:48.475Z"}
{"level":"http","message":"Request https://dzb.bit.edu.cn/cms/web/notify/search?page=1&status=7&rows=20&order=1&sortFiled=publishDate with proxy.","plugin":"proxy","timestamp":"2025-09-07T01:56:48.476Z"}
{"level":"http","message":"Request http://mec.bit.edu.cn/pcmd/ajax.php?vpn-12-o1-mec.bit.edu.cn&act=getmanage_nologin&w=新闻公告 with proxy.","plugin":"proxy","timestamp":"2025-09-07T01:56:48.477Z"}
{"hook":"fetch_each.after","level":"debug","message":"结束获取“学工部等”。","plugin":"cli","timestamp":"2025-09-07T01:56:48.936Z"}
{"level":"warn","message":"未从“学生事务”获取到任何通知。将忽略。","plugin":"cli","timestamp":"2025-09-07T01:56:49.368Z"}
{"hook":"fetch_each.after","level":"debug","message":"结束获取“学生事务”。","plugin":"cli","timestamp":"2025-09-07T01:56:49.368Z"}
{"hook":"fetch_each.after","level":"debug","message":"结束获取“教学中心”。","plugin":"cli","timestamp":"2025-09-07T01:56:49.499Z"}
{"hook":"fetch_each.error","level":"error","message":"TypeError: error sending request for url (https://rw.bit.edu.cn/tzgg/index.htm): client error (Connect): tcp connect error: Connection refused (os error 111): Connection refused (os error 111)","plugin":"cli","timestamp":"2025-09-07T01:56:49.544Z"}
{"hook":"fetch_each.error","level":"error","message":"TypeError: error sending request for url (https://rw.bit.edu.cn/rwszjyb/tzxw/index.htm): client error (Connect): tcp connect error: Connection refused (os error 111): Connection refused (os error 111)","plugin":"cli","timestamp":"2025-09-07T01:56:49.544Z"}
{"hook":"fetch_each.after","level":"debug","message":"结束获取“人文”。","plugin":"cli","timestamp":"2025-09-07T01:56:49.545Z"}
{"hook":"fetch_each.after","level":"debug","message":"结束获取“人文素质”。","plugin":"cli","timestamp":"2025-09-07T01:56:49.545Z"}
{"level":"warn","message":"未从“计算机”获取到任何通知。将忽略。","plugin":"cli","timestamp":"2025-09-07T01:56:49.691Z"}
{"hook":"fetch_each.after","level":"debug","message":"结束获取“计算机”。","plugin":"cli","timestamp":"2025-09-07T01:56:49.691Z"}
{"hook":"fetch_each.after","level":"debug","message":"结束获取“经管”。","plugin":"cli","timestamp":"2025-09-07T01:56:49.700Z"}
{"hook":"fetch_each.after","level":"debug","message":"结束获取“新生”。","plugin":"cli","timestamp":"2025-09-07T01:56:49.708Z"}
{"hook":"fetch_each.after","level":"debug","message":"结束获取“校医院”。","plugin":"cli","timestamp":"2025-09-07T01:56:49.752Z"}
{"hook":"fetch_each.after","level":"debug","message":"结束获取“党政部”。","plugin":"cli","timestamp":"2025-09-07T01:56:49.769Z"}
{"hook":"fetch_each.after","level":"debug","message":"结束获取“数学”。","plugin":"cli","timestamp":"2025-09-07T01:56:49.874Z"}
{"hook":"fetch_each.after","level":"debug","message":"结束获取“知艺”。","plugin":"cli","timestamp":"2025-09-07T01:56:49.889Z"}
{"hook":"fetch_each.after","level":"debug","message":"结束获取“集电”。","plugin":"cli","timestamp":"2025-09-07T01:56:49.901Z"}
{"level":"warn","message":"未从“国际组织”获取到任何通知。将忽略。","plugin":"cli","timestamp":"2025-09-07T01:56:49.906Z"}
{"hook":"fetch_each.after","level":"debug","message":"结束获取“国际组织”。","plugin":"cli","timestamp":"2025-09-07T01:56:49.906Z"}
{"hook":"fetch_each.after","level":"debug","message":"结束获取“人事”。","plugin":"cli","timestamp":"2025-09-07T01:56:49.912Z"}
{"hook":"fetch_each.after","level":"debug","message":"结束获取“网安”。","plugin":"cli","timestamp":"2025-09-07T01:56:49.929Z"}
{"hook":"fetch_each.after","level":"debug","message":"结束获取“宇航”。","plugin":"cli","timestamp":"2025-09-07T01:56:49.955Z"}
{"hook":"fetch_each.after","level":"debug","message":"结束获取“光电”。","plugin":"cli","timestamp":"2025-09-07T01:56:49.955Z"}
{"hook":"fetch_each.after","level":"debug","message":"结束获取“明德”。","plugin":"cli","timestamp":"2025-09-07T01:56:49.955Z"}
{"hook":"fetch_each.after","level":"debug","message":"结束获取“马克思”。","plugin":"cli","timestamp":"2025-09-07T01:56:49.955Z"}
{"hook":"fetch_each.after","level":"debug","message":"结束获取“研究生”。","plugin":"cli","timestamp":"2025-09-07T01:56:49.969Z"}
{"hook":"fetch_each.after","level":"debug","message":"结束获取“特立”。","plugin":"cli","timestamp":"2025-09-07T01:56:49.991Z"}
{"hook":"fetch_each.after","level":"debug","message":"结束获取“国际交流”。","plugin":"cli","timestamp":"2025-09-07T01:56:49.991Z"}
{"hook":"fetch_each.after","level":"debug","message":"结束获取“网信”。","plugin":"cli","timestamp":"2025-09-07T01:56:49.991Z"}
{"hook":"fetch_each.after","level":"debug","message":"结束获取“留学生”。","plugin":"cli","timestamp":"2025-09-07T01:56:49.991Z"}
{"hook":"fetch_each.after","level":"debug","message":"结束获取“公开数据”。","plugin":"cli","timestamp":"2025-09-07T01:56:49.992Z"}
{"hook":"fetch_each.after","level":"debug","message":"结束获取“教务部”。","plugin":"cli","timestamp":"2025-09-07T01:56:50.007Z"}
{"hook":"fetch_each.after","level":"debug","message":"结束获取“公开通知”。","plugin":"cli","timestamp":"2025-09-07T01:56:50.012Z"}
{"hook":"fetch_each.after","level":"debug","message":"结束获取“图书馆讲座”。","plugin":"cli","timestamp":"2025-09-07T01:56:50.012Z"}
{"level":"warn","message":"未从“资助公示”获取到任何通知。将忽略。","plugin":"cli","timestamp":"2025-09-07T01:56:50.016Z"}
{"hook":"fetch_each.after","level":"debug","message":"结束获取“资助公示”。","plugin":"cli","timestamp":"2025-09-07T01:56:50.016Z"}
{"hook":"fetch_each.after","level":"debug","message":"结束获取“图书馆”。","plugin":"cli","timestamp":"2025-09-07T01:56:50.016Z"}
{"hook":"fetch_each.after","level":"debug","message":"结束获取“大创”。","plugin":"cli","timestamp":"2025-09-07T01:56:50.051Z"}
{"hook":"fetch_each.after","level":"debug","message":"结束获取“睿信”。","plugin":"cli","timestamp":"2025-09-07T01:56:50.071Z"}
{"hook":"fetch_each.after","level":"debug","message":"结束获取“通用”。","plugin":"cli","timestamp":"2025-09-07T01:56:50.073Z"}
{"hook":"fetch_each.after","level":"debug","message":"结束获取“求是”。","plugin":"cli","timestamp":"2025-09-07T01:56:50.083Z"}
{"hook":"fetch_each.after","level":"debug","message":"结束获取“精工”。","plugin":"cli","timestamp":"2025-09-07T01:56:50.091Z"}
{"hook":"fetch_each.after","level":"debug","message":"结束获取“资实”。","plugin":"cli","timestamp":"2025-09-07T01:56:50.096Z"}
{"hook":"fetch_each.after","level":"debug","message":"结束获取“自动化”。","plugin":"cli","timestamp":"2025-09-07T01:56:50.100Z"}
{"hook":"fetch_each.after","level":"debug","message":"结束获取“机车”。","plugin":"cli","timestamp":"2025-09-07T01:56:50.109Z"}
{"hook":"fetch_each.after","level":"debug","message":"结束获取“物理”。","plugin":"cli","timestamp":"2025-09-07T01:56:50.109Z"}
{"level":"warn","message":"未从“法学”获取到任何通知。将忽略。","plugin":"cli","timestamp":"2025-09-07T01:56:50.113Z"}
{"hook":"fetch_each.after","level":"debug","message":"结束获取“法学”。","plugin":"cli","timestamp":"2025-09-07T01:56:50.113Z"}
{"hook":"fetch_each.after","level":"debug","message":"结束获取“医学”。","plugin":"cli","timestamp":"2025-09-07T01:56:50.118Z"}
{"hook":"fetch_each.after","level":"debug","message":"结束获取“材料”。","plugin":"cli","timestamp":"2025-09-07T01:56:50.124Z"}
{"hook":"fetch_each.after","level":"debug","message":"结束获取“创新创业”。","plugin":"cli","timestamp":"2025-09-07T01:56:50.139Z"}
{"hook":"fetch_each.after","level":"debug","message":"结束获取“化学”。","plugin":"cli","timestamp":"2025-09-07T01:56:50.140Z"}
{"hook":"fetch_each.after","level":"debug","message":"结束获取“机电”。","plugin":"cli","timestamp":"2025-09-07T01:56:50.145Z"}
{"hook":"fetch_each.after","level":"debug","message":"结束获取“北京书院”。","plugin":"cli","timestamp":"2025-09-07T01:56:50.160Z"}
{"hook":"fetch_each.after","level":"debug","message":"结束获取“信电”。","plugin":"cli","timestamp":"2025-09-07T01:56:50.176Z"}
{"hook":"fetch_each.after","level":"debug","message":"结束获取“数学实验”。","plugin":"cli","timestamp":"2025-09-07T01:56:50.202Z"}
{"hook":"fetch_each.after","level":"debug","message":"结束获取“招采”。","plugin":"cli","timestamp":"2025-09-07T01:56:50.371Z"}
{"hook":"fetch_each.after","level":"debug","message":"结束获取“生命”。","plugin":"cli","timestamp":"2025-09-07T01:56:50.385Z"}
{"hook":"fetch_each.after","level":"debug","message":"结束获取“延河”。","plugin":"cli","timestamp":"2025-09-07T01:56:50.411Z"}
{"hook":"fetch_each.after","level":"debug","message":"结束获取“课程”。","plugin":"cli","timestamp":"2025-09-07T01:56:50.546Z"}
{"hook":"fetch_each.after","level":"debug","message":"结束获取“外国语”。","plugin":"cli","timestamp":"2025-09-07T01:56:50.745Z"}
{"level":"warn","message":"未找到以往通知，您可能是第一次运行。将忽略。","timestamp":"2025-09-07T01:56:50.750Z"}
{"level":"info","message":"已按需保存到“output/notices.json”。","plugin":"cli","timestamp":"2025-09-07T01:56:50.752Z"}
{"level":"info","message":"已保存到“output/feed.rss”。","plugin":"rss","timestamp":"2025-09-07T01:56:50.755Z"}
